<?xml version="1.0" encoding="utf-8"?><testsuites><testsuite name="pytest" errors="0" failures="0" skipped="0" tests="4" time="16.076" timestamp="2023-09-13T23:35:09.804749" hostname="LTP-L-F33DMFV"><testcase classname="tests.model.test_model.TestModel" name="test_model_fit" time="3.957" /><testcase classname="tests.model.test_model.TestModel" name="test_model_predict" time="4.050" /><testcase classname="tests.model.test_model.TestModel" name="test_model_preprocess_for_serving" time="0.139" /><testcase classname="tests.model.test_model.TestModel" name="test_model_preprocess_for_training" time="3.889" /></testsuite></testsuites>